// Jest Snapshot v1, https://goo.gl/fbAQLP

exports[`ProductTitle debe mostrar el componente con el nombre del producto 1`] = `
<div
  className="productCard undefined"
>
  <span
    className="productDescription undefined"
  >
    Coffee Mug - Card Sin Imagen
  </span>
</div>
`;

exports[`ProductTitle debe mostrar el componente con el titulos 1`] = `
<span
  className="productDescription custom-class"
>
  Custom title
</span>
`;
